// Jest Snapshot v1, https://goo.gl/fbAQLP

exports[`AddPersonForm component renders the complete form 1`] = `
<form
  className="add_person_form"
  onSubmit={[Function]}
>
  <legend>
    Add Person
  </legend>
  <div>
    <Input
      id="personName"
      name="formPersonName"
      onChange={[Function]}
      placeholder="Type Person Here"
      value=""
    />
  </div>
  <div
    className="add_person_radio_options"
  >
    <label
      htmlFor="Friend"
      key="0"
    >
      <input
        checked={true}
        className="add_person_input"
        name="selectedOption"
        onChange={[Function]}
        type="radio"
        value="Friend"
      />
      Friend
    </label>
    <label
      htmlFor="Co-Worker"
      key="1"
    >
      <input
        checked={false}
        className="add_person_input"
        name="selectedOption"
        onChange={[Function]}
        type="radio"
        value="Co-Worker"
      />
      Co-Worker
    </label>
    <label
      htmlFor="Family"
      key="2"
    >
      <input
        checked={false}
        className="add_person_input"
        name="selectedOption"
        onChange={[Function]}
        type="radio"
        value="Family"
      />
      Family
    </label>
  </div>
  <div>
    <Button
      className=""
      disabled={true}
    >
      Submit
    </Button>
  </div>
</form>
`;
