// Jest Snapshot v1, https://goo.gl/fbAQLP

exports[`RmbrListItem component renders RmbrListItem by default 1`] = `
<li
  className="Rmbr_list_item"
>
  <div
    className="Rmbr"
  >
    <div
      className="rmbr_header_wrapper"
    >
      <div
        className="rmbr_title"
      >
        <h4>
          <span
            className="edit_title_inline_button"
          >
            <button
              onClick={[Function]}
            >
              <FontAwesomeIcon
                border={false}
                className=""
                fixedWidth={false}
                flip={null}
                icon="pen"
                inverse={false}
                listItem={false}
                mask={null}
                pull={null}
                pulse={false}
                rotation={null}
                size={null}
                spin={false}
                swapOpacity={false}
                symbol={false}
                title=""
                transform={null}
              />
            </button>
          </span>
        </h4>
        <h5
          className="rmbr_added_label"
        >
          <span>
            <FontAwesomeIcon
              border={false}
              className=""
              fixedWidth={false}
              flip={null}
              icon="bolt"
              id="date_added_bolt"
              inverse={false}
              listItem={false}
              mask={null}
              pull={null}
              pulse={false}
              rotation={null}
              size={null}
              spin={false}
              swapOpacity={false}
              symbol={false}
              title=""
              transform={null}
            />
          </span>
          <span>
            Jun 4
          </span>
        </h5>
      </div>
    </div>
    <div
      className="rmbr_description"
    >
      <p />
    </div>
    <div
      className="rmbr_add_details_button"
    >
      <button
        onClick={[Function]}
      >
        <span>
          <FontAwesomeIcon
            border={false}
            className="inline_before_icon"
            fixedWidth={false}
            flip={null}
            icon="plus"
            inverse={false}
            listItem={false}
            mask={null}
            pull={null}
            pulse={false}
            rotation={null}
            size={null}
            spin={false}
            swapOpacity={false}
            symbol={false}
            title=""
            transform={null}
          />
          Add Details
        </span>
      </button>
      <button
        className="rmbr_list_delete-button"
        onClick={[Function]}
      >
        <FontAwesomeIcon
          border={false}
          className=""
          fixedWidth={false}
          flip={null}
          icon="trash-alt"
          inverse={false}
          listItem={false}
          mask={null}
          pull={null}
          pulse={false}
          rotation={null}
          size={null}
          spin={false}
          swapOpacity={false}
          symbol={false}
          title=""
          transform={null}
        />
      </button>
    </div>
  </div>
</li>
`;
